MSBuild version 17.14.40+3e7442088 for .NET Framework

  Automatic MOC and UIC for target sak_utility
  Scanning sources for module dependencies...
  sak_utility.vcxproj -> C:\Users\Randy\Coding\S.A.K.-Utility\build\Release\sak_utility.exe
  	Copying embedded Chocolatey tools to output directory	Copying splash image to output directory	Copying icon to output directory	Running windeployqt...	Bundling C:/Program Files/Microsoft Visual Studio/2022/Community/VC/Redist/MSVC/14.44.35112/x64/Microsoft.VC143.CRT/msvcp140.dll...	Bundling C:/Program Files/Microsoft Visual Studio/2022/Community/VC/Redist/MSVC/14.44.35112/x64/Microsoft.VC143.CRT/msvcp140_1.dll...	Bundling C:/Program Files/Microsoft Visual Studio/2022/Community/VC/Redist/MSVC/14.44.35112/x64/Microsoft.VC143.CRT/msvcp140_2.dll...	Bundling C:/Program Files/Microsoft Visual Studio/2022/Community/VC/Redist/MSVC/14.44.35112/x64/Microsoft.VC143.CRT/msvcp140_atomic_wait.dll...	Bundling C:/Program Files/Microsoft Visual Studio/2022/Community/VC/Redist/MSVC/14.44.35112/x64/Microsoft.VC143.CRT/msvcp140_codecvt_ids.dll...	Bundling C:/Program Files/Microsoft Visual Studio/2022/Community/VC/Redist/MSVC/14.44.35112/x64/Microsoft.VC143.CRT/vcruntime140_1.dll...	Bundling C:/Program Files/Microsoft Visual Studio/2022/Community/VC/Redist/MSVC/14.44.35112/x64/Microsoft.VC143.CRT/vcruntime140.dll...	Bundling C:/Program Files/Microsoft Visual Studio/2022/Community/VC/Redist/MSVC/14.44.35112/x64/Microsoft.VC143.CRT/concrt140.dll...
  C:\Users\Randy\Coding\S.A.K.-Utility\build\Release\sak_utility.exe 64 bit, release executable
  Adding Qt6Svg for qsvgicon.dll
  Direct dependencies: Qt6Concurrent Qt6Core Qt6Gui Qt6Network Qt6Widgets
  All dependencies   : Qt6Concurrent Qt6Core Qt6Gui Qt6Network Qt6Widgets
  To be deployed     : Qt6Concurrent Qt6Core Qt6Gui Qt6Network Qt6Svg Qt6Widgets
  Qt6Concurrent.dll is up to date.
  Qt6Core.dll is up to date.
  Qt6Gui.dll is up to date.
  Qt6Network.dll is up to date.
  Qt6Svg.dll is up to date.
  Qt6Widgets.dll is up to date.
  opengl32sw.dll is up to date.
  D3Dcompiler_47.dll is up to date.
  qtuiotouchplugin.dll is up to date.
  qsvgicon.dll is up to date.
  qgif.dll is up to date.
  qico.dll is up to date.
  qjpeg.dll is up to date.
  qsvg.dll is up to date.
  qnetworklistmanager.dll is up to date.
  qwindows.dll is up to date.
  qwindowsvistastyle.dll is up to date.
  qcertonlybackend.dll is up to date.
  qopensslbackend.dll is up to date.
  qschannelbackend.dll is up to date.
  Automatic MOC for target test_assignment_queue_store
  Scanning sources for module dependencies...
  test_assignment_queue_store.vcxproj -> C:\Users\Randy\Coding\S.A.K.-Utility\build\Release\Release\test_assignment_queue_store.exe
  Automatic MOC for target test_deployment_history
  Scanning sources for module dependencies...
  test_deployment_history.vcxproj -> C:\Users\Randy\Coding\S.A.K.-Utility\build\Release\Release\test_deployment_history.exe
  Automatic MOC for target test_destination_registry
  Scanning sources for module dependencies...
  test_destination_registry.vcxproj -> C:\Users\Randy\Coding\S.A.K.-Utility\build\Release\Release\test_destination_registry.exe
  Automatic MOC for target test_mapping_engine
  Scanning sources for module dependencies...
  test_mapping_engine.vcxproj -> C:\Users\Randy\Coding\S.A.K.-Utility\build\Release\Release\test_mapping_engine.exe
  Automatic MOC for target test_migration_orchestrator
  Scanning sources for module dependencies...
  test_migration_orchestrator.vcxproj -> C:\Users\Randy\Coding\S.A.K.-Utility\build\Release\Release\test_migration_orchestrator.exe
  Automatic MOC for target test_network_connection
  Scanning sources for module dependencies...
  test_network_connection.vcxproj -> C:\Users\Randy\Coding\S.A.K.-Utility\build\Release\Release\test_network_connection.exe
  Automatic MOC for target test_network_transfer_workflow
  Scanning sources for module dependencies...
  test_network_transfer_workflow.vcxproj -> C:\Users\Randy\Coding\S.A.K.-Utility\build\Release\Release\test_network_transfer_workflow.exe
  Automatic MOC for target test_orchestration_client
  Scanning sources for module dependencies...
  test_orchestration_client.vcxproj -> C:\Users\Randy\Coding\S.A.K.-Utility\build\Release\Release\test_orchestration_client.exe
  Automatic MOC for target test_orchestration_discovery_service
  Scanning sources for module dependencies...
  test_orchestration_discovery_service.vcxproj -> C:\Users\Randy\Coding\S.A.K.-Utility\build\Release\Release\test_orchestration_discovery_service.exe
  Automatic MOC for target test_orchestration_protocol
  Scanning sources for module dependencies...
  test_orchestration_protocol.vcxproj -> C:\Users\Randy\Coding\S.A.K.-Utility\build\Release\Release\test_orchestration_protocol.exe
  Automatic MOC for target test_orchestration_types
  Scanning sources for module dependencies...
  test_orchestration_types.vcxproj -> C:\Users\Randy\Coding\S.A.K.-Utility\build\Release\Release\test_orchestration_types.exe
  Automatic MOC for target test_parallel_transfer_manager
  Scanning sources for module dependencies...
  test_parallel_transfer_manager.vcxproj -> C:\Users\Randy\Coding\S.A.K.-Utility\build\Release\Release\test_parallel_transfer_manager.exe
  Automatic MOC for target test_parallel_transfer_manager_stress
  Scanning sources for module dependencies...
  test_parallel_transfer_manager_stress.vcxproj -> C:\Users\Randy\Coding\S.A.K.-Utility\build\Release\Release\test_parallel_transfer_manager_stress.exe
  Automatic MOC for target test_peer_discovery
  Scanning sources for module dependencies...
  test_peer_discovery.vcxproj -> C:\Users\Randy\Coding\S.A.K.-Utility\build\Release\Release\test_peer_discovery.exe
  Automatic MOC for target test_transfer_protocol
  Scanning sources for module dependencies...
  test_transfer_protocol.vcxproj -> C:\Users\Randy\Coding\S.A.K.-Utility\build\Release\Release\test_transfer_protocol.exe
  Automatic MOC for target test_transfer_security
  Scanning sources for module dependencies...
  test_transfer_security.vcxproj -> C:\Users\Randy\Coding\S.A.K.-Utility\build\Release\Release\test_transfer_security.exe
  Automatic MOC for target test_transfer_types
  Scanning sources for module dependencies...
  test_transfer_types.vcxproj -> C:\Users\Randy\Coding\S.A.K.-Utility\build\Release\Release\test_transfer_types.exe
  Automatic MOC for target test_windows_iso_downloader
  Scanning sources for module dependencies...
  test_windows_iso_downloader.vcxproj -> C:\Users\Randy\Coding\S.A.K.-Utility\build\Release\Release\test_windows_iso_downloader.exe
